
 RUN  v4.0.18 C:/Users/leiloespb/Desktop/Projetos/pdv_system

 ÔØ» src/app/pdv/tables/page.test.tsx (3 tests | 3 failed) 259ms
     ├ù should render the page title 180ms
     ├ù should render tables with correct status 39ms
     ├ù should toggle edit mode when button is clicked 37ms
node.exe : 
No linha:1 caractere:1
+ & "C:\Program Files\
nodejs/node.exe" 
"C:\Program 
Files\nodejs/node_mo 
...
+ ~~~~~~~~~~~~~~~~~~~~
~~~~~~~~~~~~~~~~~~~~~~
~~~~~~~~~~~~~~~~~~~~~~
~~~~~
    + CategoryInfo    
          : NotSpeci  
  fied: (:String) [   
 ], RemoteExceptio    
n
    + FullyQualifiedE 
   rrorId : NativeCo  
  mmandError
 
ÔÄ»ÔÄ»ÔÄ»ÔÄ»ÔÄ»ÔÄ»ÔÄ» 
Failed Tests 3 
ÔÄ»ÔÄ»ÔÄ»ÔÄ»ÔÄ»ÔÄ»ÔÄ»

 FAIL  src/app/pdv/tab
les/page.test.tsx > 
TablesPage > should 
render the page title
Error: Invalid Chai 
property: 
toBeInTheDocument
 ÔØ» src/app/pdv/table
s/page.test.tsx:65:49
     63|         // co
nsole.log(container.in
nerHTML); // 
Uncomment for manual 
dÔÇª
     64|         // 
screen.debug(); 
     65|         expec
t(screen.getByText('Ma
pa de Mesas')).toBeInT
heDocument();
       |              
                      
             ^
     66|     });
     67| 

ÔÄ»ÔÄ»ÔÄ»ÔÄ»ÔÄ»ÔÄ»ÔÄ»Ô
Ä»ÔÄ»ÔÄ»ÔÄ»ÔÄ»ÔÄ»ÔÄ»ÔÄ
»ÔÄ»ÔÄ»ÔÄ»ÔÄ»ÔÄ»ÔÄ»ÔÄ»
ÔÄ»ÔÄ»[1/3]ÔÄ»

 FAIL  src/app/pdv/tab
les/page.test.tsx > 
TablesPage > should 
render tables with 
correct status
Error: Invalid Chai 
property: 
toBeInTheDocument
 ÔØ» src/app/pdv/table
s/page.test.tsx:70:38
     68|     
it('should render 
tables with correct 
status', () => {
     69|         
render(<TablesPage 
/>);
     70|         expec
t(screen.getByText('01
')).toBeInTheDocument(
); // Table ID
       |              
                      
  ^
     71|         expec
t(screen.getByText('Oc
upada')).toBeInTheDocu
ment(); // StÔÇª
     72|         expec
t(screen.getByText('02
')).toBeInTheDocument(
);

ÔÄ»ÔÄ»ÔÄ»ÔÄ»ÔÄ»ÔÄ»ÔÄ»Ô
Ä»ÔÄ»ÔÄ»ÔÄ»ÔÄ»ÔÄ»ÔÄ»ÔÄ
»ÔÄ»ÔÄ»ÔÄ»ÔÄ»ÔÄ»ÔÄ»ÔÄ»
ÔÄ»ÔÄ»[2/3]ÔÄ»

 FAIL  src/app/pdv/tab
les/page.test.tsx > 
TablesPage > should 
toggle edit mode when 
button is clicked
Error: Invalid Chai 
property: 
toBeInTheDocument
 ÔØ» src/app/pdv/table
s/page.test.tsx:81:26
     79|         // 
Initially "Editar 
Layout"
     80|         
const editButton = scr
een.getByText('Editar 
Layout');
     81|         expec
t(editButton).toBeInTh
eDocument();
       |              
            ^
     82| 
     83|         // 
Click to toggle

ÔÄ»ÔÄ»ÔÄ»ÔÄ»ÔÄ»ÔÄ»ÔÄ»Ô
Ä»ÔÄ»ÔÄ»ÔÄ»ÔÄ»ÔÄ»ÔÄ»ÔÄ
»ÔÄ»ÔÄ»ÔÄ»ÔÄ»ÔÄ»ÔÄ»ÔÄ»
ÔÄ»ÔÄ»[3/3]ÔÄ»


 Test Files  1 failed (1)
      Tests  3 failed (3)
   Start at  13:04:45
   Duration  1.98s (transform 207ms, setup 0ms, import 570ms, tests 259ms, environment 895ms)

